# RedWar Ares search trace
# Detail is intentionally bounded; this is a decision/pruning summary, not a node dump.
ROOT-ORDER depth=1 ply=0 count=44
  ORDER 0 score=50404 move=ATTACK C2 C6
  ORDER 1 score=47560 move=STUN E5 E8
  ORDER 2 score=45160 move=STUN E5 F7
  ORDER 3 score=43960 move=STUN E5 E7
  ORDER 4 score=43720 move=STUN A6 C7
  ORDER 5 score=41860 move=STUN A6 B8
  ORDER 6 score=41860 move=STUN E5 D6
  ORDER 7 score=41860 move=STUN A6 D6
  ORDER 8 score=41560 move=STUN E5 D7
  ORDER 9 score=40300 move=STUN A6 B6
  ORDER 10 score=40300 move=STUN A6 C6
  ORDER 11 score=40300 move=STUN A6 C5
ROOT-TRY depth=1 move=ATTACK C2 C6 score=50404 child=0
QORDER depth=0 ply=1 count=9
  ORDER 0 score=50460 move=ATTACK E8 E5
  ORDER 1 score=41260 move=STUN G5 G2
  ORDER 2 score=40960 move=STUN G5 F3
  ORDER 3 score=40300 move=STUN G5 E6
  ORDER 4 score=40300 move=STUN G5 D5
  ORDER 5 score=40300 move=STUN G5 E5
  ORDER 6 score=40300 move=STUN G5 F5
  ORDER 7 score=40300 move=STUN G5 E4
  ORDER 8 score=40300 move=STUN G5 G3
QORDER depth=1 ply=2 count=6
  ORDER 0 score=53004 move=ATTACK C6 C8
  ORDER 1 score=43420 move=STUN A6 C7
  ORDER 2 score=42400 move=STUN D2 D5
  ORDER 3 score=42400 move=STUN D2 E4
  ORDER 4 score=41860 move=STUN A6 B8
  ORDER 5 score=41560 move=STUN A6 D6
QCUTOFF ply=2 move=STUN A6 C7
QORDER depth=1 ply=2 count=14
  ORDER 0 score=53004 move=ATTACK C6 C8
  ORDER 1 score=47560 move=STUN E5 E8
  ORDER 2 score=45160 move=STUN E5 F7
  ORDER 3 score=43960 move=STUN E5 E7
  ORDER 4 score=43420 move=STUN A6 C7
  ORDER 5 score=41860 move=STUN A6 B8
  ORDER 6 score=41560 move=STUN A6 D6
  ORDER 7 score=41560 move=STUN E5 D7
  ORDER 8 score=41560 move=STUN E5 D6
  ORDER 9 score=40300 move=STUN E5 G6
  ORDER 10 score=40300 move=STUN E5 F5
  ORDER 11 score=40300 move=STUN E5 G5
QCUTOFF ply=2 move=STUN E5 E8
QORDER depth=1 ply=2 count=14
  ORDER 0 score=53004 move=ATTACK C6 C8
  ORDER 1 score=47560 move=STUN E5 E8
  ORDER 2 score=45160 move=STUN E5 F7
  ORDER 3 score=43960 move=STUN E5 E7
  ORDER 4 score=43420 move=STUN A6 C7
  ORDER 5 score=41860 move=STUN A6 B8
  ORDER 6 score=41560 move=STUN A6 D6
  ORDER 7 score=41560 move=STUN E5 D7
  ORDER 8 score=41560 move=STUN E5 D6
  ORDER 9 score=40300 move=STUN E5 G6
  ORDER 10 score=40300 move=STUN E5 F5
  ORDER 11 score=40300 move=STUN E5 G5
QCUTOFF ply=2 move=STUN E5 E8
QORDER depth=1 ply=2 count=4
  ORDER 0 score=53004 move=ATTACK C6 C8
  ORDER 1 score=43420 move=STUN A6 C7
  ORDER 2 score=41860 move=STUN A6 B8
  ORDER 3 score=41560 move=STUN A6 D6
QCUTOFF ply=2 move=STUN A6 C7
QORDER depth=1 ply=2 count=4
  ORDER 0 score=53004 move=ATTACK C6 C8
  ORDER 1 score=43420 move=STUN A6 C7
  ORDER 2 score=41860 move=STUN A6 B8
  ORDER 3 score=41560 move=STUN A6 D6
QCUTOFF ply=2 move=STUN A6 C7
QORDER depth=1 ply=2 count=4
  ORDER 0 score=53004 move=ATTACK C6 C8
  ORDER 1 score=43420 move=STUN A6 C7
  ORDER 2 score=41860 move=STUN A6 B8
  ORDER 3 score=41560 move=STUN A6 D6
QCUTOFF ply=2 move=STUN A6 C7
QORDER depth=1 ply=2 count=4
  ORDER 0 score=53004 move=ATTACK C6 C8
  ORDER 1 score=43420 move=STUN A6 C7
  ORDER 2 score=41860 move=STUN A6 B8
  ORDER 3 score=41560 move=STUN A6 D6
QCUTOFF ply=2 move=STUN A6 C7
QORDER depth=1 ply=2 count=4
  ORDER 0 score=53004 move=ATTACK C6 C8
  ORDER 1 score=43420 move=STUN A6 C7
  ORDER 2 score=41860 move=STUN A6 B8
  ORDER 3 score=41560 move=STUN A6 D6
QCUTOFF ply=2 move=STUN A6 C7
QORDER depth=1 ply=2 count=14
  ORDER 0 score=53004 move=ATTACK C6 C8
  ORDER 1 score=47560 move=STUN E5 E8
  ORDER 2 score=45160 move=STUN E5 F7
  ORDER 3 score=43960 move=STUN E5 E7
  ORDER 4 score=43420 move=STUN A6 C7
  ORDER 5 score=41860 move=STUN A6 B8
  ORDER 6 score=41560 move=STUN A6 D6
  ORDER 7 score=41560 move=STUN E5 D7
  ORDER 8 score=41560 move=STUN E5 D6
  ORDER 9 score=40300 move=STUN E5 G6
  ORDER 10 score=40300 move=STUN E5 F5
  ORDER 11 score=40300 move=STUN E5 G5
QCUTOFF ply=2 move=STUN E5 E8
ROOT-RESULT depth=1 move=ATTACK C2 C6 value=10
EXTEND ply_stun move=STUN E5 E8 depth=1 child_depth=1
ROOT-TRY depth=1 move=STUN E5 E8 score=47560 child=1
ORDER depth=1 ply=1 count=45
  ORDER 0 score=45760 move=STUN C6 C3
  ORDER 1 score=41260 move=STUN G5 G2
  ORDER 2 score=40960 move=STUN G5 F3
  ORDER 3 score=40300 move=STUN C6 A5
  ORDER 4 score=40300 move=STUN G5 E5
  ORDER 5 score=40300 move=STUN C6 A7
  ORDER 6 score=40300 move=STUN C6 A6
  ORDER 7 score=40300 move=STUN C6 B6
  ORDER 8 score=40300 move=STUN C6 E6
  ORDER 9 score=40300 move=STUN C6 D5
  ORDER 10 score=40300 move=STUN C6 E5
  ORDER 11 score=40300 move=STUN G5 E6
EXTEND ply_stun move=STUN C6 C3 depth=1 child_depth=1
TRY ply=1 depth=1 move=STUN C6 C3 child=1
ORDER depth=1 ply=2 count=42
  ORDER 0 score=52600 move=STUN E5 E8
  ORDER 1 score=48600 move=STUN E5 F7
  ORDER 2 score=45560 move=STUN E5 E7
  ORDER 3 score=43720 move=STUN A6 C7
  ORDER 4 score=41860 move=STUN A6 B8
  ORDER 5 score=41860 move=STUN A6 D6
  ORDER 6 score=41860 move=STUN E5 D6
  ORDER 7 score=41560 move=STUN E5 D7
  ORDER 8 score=40300 move=STUN A6 B6
  ORDER 9 score=40300 move=STUN E5 G5
  ORDER 10 score=40300 move=STUN A6 C6
  ORDER 11 score=40300 move=STUN A6 C5
TRY ply=2 depth=1 move=STUN E5 E8 child=0
BEST ply=2 depth=1 move=STUN E5 E8 value=9999998
TRY ply=2 depth=1 move=STUN E5 F7 child=0
EXTEND ply_stun move=STUN E5 E7 depth=1 child_depth=1
TRY ply=2 depth=1 move=STUN E5 E7 child=1
EXTEND ply_stun move=STUN A6 C7 depth=1 child_depth=1
TRY ply=2 depth=1 move=STUN A6 C7 child=1
EXTEND ply_stun move=STUN A6 B8 depth=1 child_depth=1
TRY ply=2 depth=1 move=STUN A6 B8 child=1
EXTEND ply_stun move=STUN A6 D6 depth=1 child_depth=1
TRY ply=2 depth=1 move=STUN A6 D6 child=1
EXTEND ply_stun move=STUN E5 D6 depth=1 child_depth=1
TRY ply=2 depth=1 move=STUN E5 D6 child=1
EXTEND ply_stun move=STUN E5 D7 depth=1 child_depth=1
TRY ply=2 depth=1 move=STUN E5 D7 child=1
EXTEND ply_stun move=STUN A6 B6 depth=1 child_depth=1
TRY ply=2 depth=1 move=STUN A6 B6 child=1
EXTEND ply_stun move=STUN E5 G5 depth=1 child_depth=1
TRY ply=2 depth=1 move=STUN E5 G5 child=1
EXTEND ply_stun move=STUN A6 C6 depth=1 child_depth=1
TRY ply=2 depth=1 move=STUN A6 C6 child=1
EXTEND ply_stun move=STUN A6 C5 depth=1 child_depth=1
TRY ply=2 depth=1 move=STUN A6 C5 child=1
EXTEND ply_stun move=STUN E5 C6 depth=1 child_depth=1
TRY ply=2 depth=1 move=STUN E5 C6 child=1
EXTEND ply_stun move=STUN E5 G6 depth=1 child_depth=1
TRY ply=2 depth=1 move=STUN E5 G6 child=1
EXTEND ply_stun move=STUN E5 C5 depth=1 child_depth=1
TRY ply=2 depth=1 move=STUN E5 C5 child=1
EXTEND ply_stun move=STUN E5 F5 depth=1 child_depth=1
TRY ply=2 depth=1 move=STUN E5 F5 child=1
EXTEND ply_stun move=STUN E5 H5 depth=1 child_depth=1
TRY ply=2 depth=1 move=STUN E5 H5 child=1
EXTEND ply_stun move=STUN E5 G4 depth=1 child_depth=1
TRY ply=2 depth=1 move=STUN E5 G4 child=1
TRY ply=2 depth=1 move=SPAWN Ghoul D1 E2 child=0
TRY ply=2 depth=1 move=MOVE E5 C3 child=0
TRY ply=2 depth=1 move=MOVE E5 F4 child=0
TRY ply=2 depth=1 move=MOVE A6 B7 child=0
TRY ply=2 depth=1 move=MOVE A6 B5 child=0
TRY ply=2 depth=1 move=MOVE A6 C4 child=0
TRY ply=2 depth=1 move=MOVE E5 D6 child=0
TRY ply=2 depth=1 move=MOVE E5 C7 child=0
TRY ply=2 depth=1 move=MOVE E5 G3 child=0
TRY ply=2 depth=1 move=MOVE E5 F6 child=0
TRY ply=2 depth=1 move=MOVE E5 G7 child=0
TRY ply=2 depth=1 move=MOVE D2 C3 child=0
TRY ply=2 depth=1 move=MOVE D2 B4 child=0
TRY ply=2 depth=1 move=MOVE E5 D4 child=0
TRY ply=2 depth=1 move=MOVE D2 F4 child=0
TRY ply=2 depth=1 move=MOVE D2 E1 child=0
TRY ply=2 depth=1 move=MOVE G2 F4 child=0
TRY ply=2 depth=1 move=MOVE G2 H4 child=0
TRY ply=2 depth=1 move=MOVE D2 E3 child=0
TRY ply=2 depth=1 move=MOVE G2 E1 child=0
TRY ply=2 depth=1 move=MOVE B1 A3 child=0
TRY ply=2 depth=1 move=MOVE B1 C3 child=0
TRY ply=2 depth=1 move=MOVE D1 E2 child=0
TRY ply=2 depth=1 move=MOVE G2 E3 child=0
BEST ply=1 depth=1 move=STUN C6 C3 value=9999998
BETA-CUTOFF ply=1 depth=1 move=STUN C6 C3 alpha=9999998 beta=9999998
ORDER depth=1 ply=1 count=45
  ORDER 0 score=1000000 move=STUN C6 C3
  ORDER 1 score=41260 move=STUN G5 G2
  ORDER 2 score=40960 move=STUN G5 F3
  ORDER 3 score=40300 move=STUN C6 A5
  ORDER 4 score=40300 move=STUN G5 E5
  ORDER 5 score=40300 move=STUN C6 A7
  ORDER 6 score=40300 move=STUN C6 A6
  ORDER 7 score=40300 move=STUN C6 B6
  ORDER 8 score=40300 move=STUN C6 E6
  ORDER 9 score=40300 move=STUN C6 D5
  ORDER 10 score=40300 move=STUN C6 E5
  ORDER 11 score=40300 move=STUN G5 E6
EXTEND ply_stun move=STUN C6 C3 depth=1 child_depth=1
TRY ply=1 depth=1 move=STUN C6 C3 child=1
ORDER depth=1 ply=2 count=42
  ORDER 0 score=1000000 move=STUN E5 E8
  ORDER 1 score=48600 move=STUN E5 F7
  ORDER 2 score=45560 move=STUN E5 E7
  ORDER 3 score=43720 move=STUN A6 C7
  ORDER 4 score=41860 move=STUN A6 B8
  ORDER 5 score=41860 move=STUN A6 D6
  ORDER 6 score=41860 move=STUN E5 D6
  ORDER 7 score=41560 move=STUN E5 D7
  ORDER 8 score=40300 move=STUN A6 B6
  ORDER 9 score=40300 move=STUN E5 G5
  ORDER 10 score=40300 move=STUN A6 C6
  ORDER 11 score=40300 move=STUN A6 C5
TRY ply=2 depth=1 move=STUN E5 E8 child=0
BEST ply=2 depth=1 move=STUN E5 E8 value=10
TRY ply=2 depth=1 move=STUN E5 F7 child=0
EXTEND ply_stun move=STUN E5 E7 depth=1 child_depth=1
TRY ply=2 depth=1 move=STUN E5 E7 child=1
EXTEND ply_stun move=STUN G5 G2 depth=1 child_depth=1
EXTEND ply_stun move=STUN G5 F3 depth=1 child_depth=1
EXTEND ply_stun move=STUN G5 G3 depth=1 child_depth=1
EXTEND ply_stun move=STUN C6 A7 depth=1 child_depth=1
EXTEND ply_stun move=STUN C6 A6 depth=1 child_depth=1
EXTEND ply_stun move=STUN C6 B6 depth=1 child_depth=1
EXTEND ply_stun move=STUN C6 E6 depth=1 child_depth=1
EXTEND ply_stun move=STUN C6 A5 depth=1 child_depth=1
EXTEND ply_stun move=STUN C6 D5 depth=1 child_depth=1
EXTEND ply_stun move=STUN C6 E5 depth=1 child_depth=1
EXTEND ply_stun move=STUN G5 E6 depth=1 child_depth=1
EXTEND ply_stun move=STUN G5 D5 depth=1 child_depth=1
EXTEND ply_stun move=STUN G5 E5 depth=1 child_depth=1
EXTEND ply_stun move=STUN G5 F5 depth=1 child_depth=1
EXTEND ply_stun move=STUN G5 E4 depth=1 child_depth=1
EXTEND ply_stun move=STUN G5 G2 depth=1 child_depth=1
EXTEND ply_stun move=STUN E5 F7 depth=1 child_depth=1
EXTEND ply_stun move=STUN C6 C3 depth=1 child_depth=1
EXTEND ply_stun move=STUN A6 C7 depth=1 child_depth=1
EXTEND ply_stun move=STUN G5 G2 depth=1 child_depth=1
EXTEND ply_stun move=STUN E5 F7 depth=1 child_depth=1
EXTEND ply_stun move=STUN C6 C3 depth=1 child_depth=1
EXTEND ply_stun move=STUN A6 C7 depth=1 child_depth=1
EXTEND ply_stun move=STUN G5 G2 depth=1 child_depth=1
EXTEND ply_stun move=STUN E5 F7 depth=1 child_depth=1
EXTEND ply_stun move=STUN C6 C3 depth=1 child_depth=1
EXTEND ply_stun move=STUN A6 C7 depth=1 child_depth=1
EXTEND ply_stun move=STUN G5 G2 depth=1 child_depth=1
EXTEND ply_stun move=STUN E5 F7 depth=1 child_depth=1
EXTEND ply_stun move=STUN C6 C3 depth=1 child_depth=1
EXTEND ply_stun move=STUN A6 C7 depth=1 child_depth=1
EXTEND ply_stun move=STUN G5 G2 depth=1 child_depth=1
EXTEND ply_stun move=STUN G5 F3 depth=1 child_depth=1
EXTEND ply_stun move=STUN G5 E6 depth=1 child_depth=1
EXTEND ply_stun move=STUN G5 D5 depth=1 child_depth=1
EXTEND ply_stun move=STUN G5 E5 depth=1 child_depth=1
EXTEND ply_stun move=STUN G5 F5 depth=1 child_depth=1
EXTEND ply_stun move=STUN G5 E4 depth=1 child_depth=1
EXTEND ply_stun move=STUN G5 G3 depth=1 child_depth=1
EXTEND ply_stun move=STUN C6 E5 depth=1 child_depth=1
EXTEND ply_stun move=STUN G5 E6 depth=1 child_depth=1
EXTEND ply_stun move=STUN G5 D5 depth=1 child_depth=1
EXTEND ply_stun move=STUN G5 F5 depth=1 child_depth=1
EXTEND ply_stun move=STUN G5 E4 depth=1 child_depth=1
EXTEND ply_stun move=STUN C6 D5 depth=1 child_depth=1
EXTEND ply_stun move=STUN C6 A7 depth=1 child_depth=1
EXTEND ply_stun move=STUN G5 E5 depth=1 child_depth=1
EXTEND ply_stun move=STUN C6 A6 depth=1 child_depth=1
EXTEND ply_stun move=STUN C6 B6 depth=1 child_depth=1
EXTEND ply_stun move=STUN C6 E6 depth=1 child_depth=1
EXTEND ply_stun move=STUN C6 A5 depth=1 child_depth=1
EXTEND ply_stun move=STUN G5 F3 depth=1 child_depth=1
EXTEND ply_stun move=STUN E5 E8 depth=1 child_depth=1
EXTEND ply_stun move=STUN C6 C3 depth=1 child_depth=1
EXTEND ply_stun move=STUN A6 C7 depth=1 child_depth=1
EXTEND ply_stun move=STUN G5 G2 depth=1 child_depth=1
EXTEND ply_stun move=STUN G5 F3 depth=1 child_depth=1
EXTEND ply_stun move=STUN G5 E6 depth=1 child_depth=1
EXTEND ply_stun move=STUN G5 D5 depth=1 child_depth=1
EXTEND ply_stun move=STUN G5 E5 depth=1 child_depth=1
EXTEND ply_stun move=STUN G5 F5 depth=1 child_depth=1
EXTEND ply_stun move=STUN G5 E4 depth=1 child_depth=1
EXTEND ply_stun move=STUN G5 G3 depth=1 child_depth=1
EXTEND ply_stun move=STUN G5 G2 depth=1 child_depth=1
EXTEND ply_stun move=STUN G5 E6 depth=1 child_depth=1
EXTEND ply_stun move=STUN G5 D5 depth=1 child_depth=1
EXTEND ply_stun move=STUN G5 F5 depth=1 child_depth=1
EXTEND ply_stun move=STUN G5 E4 depth=1 child_depth=1
EXTEND ply_stun move=STUN C6 A7 depth=1 child_depth=1
EXTEND ply_stun move=STUN C6 D5 depth=1 child_depth=1
EXTEND ply_stun move=STUN G5 G3 depth=1 child_depth=1
EXTEND ply_stun move=STUN G5 E5 depth=1 child_depth=1
EXTEND ply_stun move=STUN C6 A6 depth=1 child_depth=1
EXTEND ply_stun move=STUN C6 B6 depth=1 child_depth=1
EXTEND ply_stun move=STUN C6 E6 depth=1 child_depth=1
EXTEND ply_stun move=STUN C6 A5 depth=1 child_depth=1
EXTEND ply_stun move=STUN C6 E5 depth=1 child_depth=1
EXTEND ply_stun move=STUN G5 E6 depth=1 child_depth=1
EXTEND ply_stun move=STUN A6 B8 depth=1 child_depth=1
EXTEND ply_stun move=STUN G5 G2 depth=1 child_depth=1
EXTEND ply_stun move=STUN E5 F7 depth=1 child_depth=1
EXTEND ply_stun move=STUN C6 C3 depth=1 child_depth=1
EXTEND ply_stun move=STUN A6 C7 depth=1 child_depth=1
EXTEND ply_stun move=STUN G5 G2 depth=1 child_depth=1
EXTEND ply_stun move=STUN E5 F7 depth=1 child_depth=1
EXTEND ply_stun move=STUN C6 C3 depth=1 child_depth=1
EXTEND ply_stun move=STUN A6 C7 depth=1 child_depth=1
EXTEND ply_stun move=STUN G5 G2 depth=1 child_depth=1
EXTEND ply_stun move=STUN G5 F3 depth=1 child_depth=1
EXTEND ply_stun move=STUN G5 E6 depth=1 child_depth=1
EXTEND ply_stun move=STUN G5 D5 depth=1 child_depth=1
EXTEND ply_stun move=STUN G5 E5 depth=1 child_depth=1
EXTEND ply_stun move=STUN G5 F5 depth=1 child_depth=1
EXTEND ply_stun move=STUN G5 E4 depth=1 child_depth=1
EXTEND ply_stun move=STUN G5 G3 depth=1 child_depth=1
EXTEND ply_stun move=STUN C6 E5 depth=1 child_depth=1
EXTEND ply_stun move=STUN G5 E6 depth=1 child_depth=1
EXTEND ply_stun move=STUN G5 D5 depth=1 child_depth=1
EXTEND ply_stun move=STUN G5 F5 depth=1 child_depth=1
EXTEND ply_stun move=STUN G5 E4 depth=1 child_depth=1
EXTEND ply_stun move=STUN C6 D5 depth=1 child_depth=1
EXTEND ply_stun move=STUN C6 A7 depth=1 child_depth=1
EXTEND ply_stun move=STUN G5 E5 depth=1 child_depth=1
EXTEND ply_stun move=STUN C6 A6 depth=1 child_depth=1
EXTEND ply_stun move=STUN C6 B6 depth=1 child_depth=1
EXTEND ply_stun move=STUN C6 E6 depth=1 child_depth=1
EXTEND ply_stun move=STUN C6 A5 depth=1 child_depth=1
EXTEND ply_stun move=STUN G5 F3 depth=1 child_depth=1
EXTEND ply_stun move=STUN E5 E8 depth=1 child_depth=1
EXTEND ply_stun move=STUN C6 C3 depth=1 child_depth=1
EXTEND ply_stun move=STUN A6 C7 depth=1 child_depth=1
EXTEND ply_stun move=STUN G5 G2 depth=1 child_depth=1
EXTEND ply_stun move=STUN G5 F3 depth=1 child_depth=1
EXTEND ply_stun move=STUN G5 E6 depth=1 child_depth=1
EXTEND ply_stun move=STUN G5 D5 depth=1 child_depth=1
EXTEND ply_stun move=STUN G5 E5 depth=1 child_depth=1
EXTEND ply_stun move=STUN G5 F5 depth=1 child_depth=1
EXTEND ply_stun move=STUN G5 E4 depth=1 child_depth=1
EXTEND ply_stun move=STUN G5 G3 depth=1 child_depth=1
EXTEND ply_stun move=STUN G5 G2 depth=1 child_depth=1
EXTEND ply_stun move=STUN G5 E6 depth=1 child_depth=1
EXTEND ply_stun move=STUN G5 D5 depth=1 child_depth=1
EXTEND ply_stun move=STUN G5 F5 depth=1 child_depth=1
EXTEND ply_stun move=STUN G5 E4 depth=1 child_depth=1
EXTEND ply_stun move=STUN C6 A7 depth=1 child_depth=1
EXTEND ply_stun move=STUN C6 D5 depth=1 child_depth=1
EXTEND ply_stun move=STUN G5 G3 depth=1 child_depth=1
EXTEND ply_stun move=STUN G5 E5 depth=1 child_depth=1
EXTEND ply_stun move=STUN C6 A6 depth=1 child_depth=1
EXTEND ply_stun move=STUN C6 B6 depth=1 child_depth=1
EXTEND ply_stun move=STUN C6 E6 depth=1 child_depth=1
EXTEND ply_stun move=STUN C6 A5 depth=1 child_depth=1
EXTEND ply_stun move=STUN C6 E5 depth=1 child_depth=1
EXTEND ply_stun move=STUN G5 E6 depth=1 child_depth=1
EXTEND ply_stun move=STUN A6 B8 depth=1 child_depth=1
EXTEND ply_stun move=STUN C6 E5 depth=1 child_depth=1
EXTEND ply_stun move=STUN G5 E6 depth=1 child_depth=1
EXTEND ply_stun move=STUN G5 D5 depth=1 child_depth=1
EXTEND ply_stun move=STUN G5 F5 depth=1 child_depth=1
EXTEND ply_stun move=STUN G5 E4 depth=1 child_depth=1
EXTEND ply_stun move=STUN C6 D5 depth=1 child_depth=1
EXTEND ply_stun move=STUN C6 A7 depth=1 child_depth=1
EXTEND ply_stun move=STUN G5 E5 depth=1 child_depth=1
EXTEND ply_stun move=STUN C6 A6 depth=1 child_depth=1
EXTEND ply_stun move=STUN C6 B6 depth=1 child_depth=1
EXTEND ply_stun move=STUN C6 E6 depth=1 child_depth=1
EXTEND ply_stun move=STUN C6 A5 depth=1 child_depth=1
EXTEND ply_stun move=STUN G5 F3 depth=1 child_depth=1
EXTEND ply_stun move=STUN E5 E8 depth=1 child_depth=1
EXTEND ply_stun move=STUN C6 C3 depth=1 child_depth=1
EXTEND ply_stun move=STUN A6 C7 depth=1 child_depth=1
EXTEND ply_stun move=STUN G5 G2 depth=1 child_depth=1
EXTEND ply_stun move=STUN G5 F3 depth=1 child_depth=1
EXTEND ply_stun move=STUN G5 E6 depth=1 child_depth=1
EXTEND ply_stun move=STUN A6 B8 depth=1 child_depth=1
EXTEND ply_stun move=STUN G5 G2 depth=1 child_depth=1
EXTEND ply_stun move=STUN G5 E6 depth=1 child_depth=1
EXTEND ply_stun move=STUN G5 D5 depth=1 child_depth=1
EXTEND ply_stun move=STUN G5 F5 depth=1 child_depth=1
EXTEND ply_stun move=STUN G5 E4 depth=1 child_depth=1
EXTEND ply_stun move=STUN C6 A7 depth=1 child_depth=1
EXTEND ply_stun move=STUN C6 D5 depth=1 child_depth=1
EXTEND ply_stun move=STUN G5 G3 depth=1 child_depth=1
EXTEND ply_stun move=STUN G5 E5 depth=1 child_depth=1
EXTEND ply_stun move=STUN C6 A6 depth=1 child_depth=1
EXTEND ply_stun move=STUN C6 B6 depth=1 child_depth=1
EXTEND ply_stun move=STUN C6 E6 depth=1 child_depth=1
EXTEND ply_stun move=STUN C6 A5 depth=1 child_depth=1
EXTEND ply_stun move=STUN C6 E5 depth=1 child_depth=1
EXTEND ply_stun move=STUN G5 E6 depth=1 child_depth=1
EXTEND ply_stun move=STUN A6 C7 depth=1 child_depth=1
EXTEND ply_stun move=STUN G5 G2 depth=1 child_depth=1
EXTEND ply_stun move=STUN E5 F7 depth=1 child_depth=1
EXTEND ply_stun move=STUN C6 C3 depth=1 child_depth=1
EXTEND ply_stun move=STUN A6 C7 depth=1 child_depth=1
EXTEND ply_stun move=STUN G5 G2 depth=1 child_depth=1
EXTEND ply_stun move=STUN E5 F7 depth=1 child_depth=1
EXTEND ply_stun move=STUN C6 C3 depth=1 child_depth=1
EXTEND ply_stun move=STUN A6 C7 depth=1 child_depth=1
EXTEND ply_stun move=STUN G5 G2 depth=1 child_depth=1
EXTEND ply_stun move=STUN E5 F7 depth=1 child_depth=1
EXTEND ply_stun move=STUN C6 C3 depth=1 child_depth=1
EXTEND ply_stun move=STUN A6 C7 depth=1 child_depth=1
EXTEND ply_stun move=STUN G5 G2 depth=1 child_depth=1
EXTEND ply_stun move=STUN E5 F7 depth=1 child_depth=1
EXTEND ply_stun move=STUN C6 C3 depth=1 child_depth=1
EXTEND ply_stun move=STUN A6 C7 depth=1 child_depth=1
EXTEND ply_stun move=STUN G5 G2 depth=1 child_depth=1
EXTEND ply_stun move=STUN E5 F7 depth=1 child_depth=1
EXTEND ply_stun move=STUN C6 C3 depth=1 child_depth=1
EXTEND ply_stun move=STUN A6 C7 depth=1 child_depth=1
EXTEND ply_stun move=STUN G5 G2 depth=1 child_depth=1
EXTEND ply_stun move=STUN E5 F7 depth=1 child_depth=1
EXTEND ply_stun move=STUN C6 C3 depth=1 child_depth=1
EXTEND ply_stun move=STUN A6 C7 depth=1 child_depth=1
EXTEND ply_stun move=STUN G5 G2 depth=1 child_depth=1
EXTEND ply_stun move=STUN G5 F3 depth=1 child_depth=1
EXTEND ply_stun move=STUN G5 E6 depth=1 child_depth=1
EXTEND ply_stun move=STUN G5 D5 depth=1 child_depth=1
EXTEND ply_stun move=STUN G5 E5 depth=1 child_depth=1
EXTEND ply_stun move=STUN G5 F5 depth=1 child_depth=1
EXTEND ply_stun move=STUN G5 E4 depth=1 child_depth=1
EXTEND ply_stun move=STUN G5 G3 depth=1 child_depth=1
EXTEND ply_stun move=STUN G5 E4 depth=1 child_depth=1
EXTEND ply_stun move=STUN C6 A7 depth=1 child_depth=1
EXTEND ply_stun move=STUN C6 A6 depth=1 child_depth=1
EXTEND ply_stun move=STUN C6 B6 depth=1 child_depth=1
EXTEND ply_stun move=STUN C6 E6 depth=1 child_depth=1
EXTEND ply_stun move=STUN C6 A5 depth=1 child_depth=1
EXTEND ply_stun move=STUN C6 D5 depth=1 child_depth=1
EXTEND ply_stun move=STUN C6 E5 depth=1 child_depth=1
EXTEND ply_stun move=STUN G5 E6 depth=1 child_depth=1
EXTEND ply_stun move=STUN G5 D5 depth=1 child_depth=1
EXTEND ply_stun move=STUN G5 E5 depth=1 child_depth=1
EXTEND ply_stun move=STUN G5 F5 depth=1 child_depth=1
EXTEND ply_stun move=STUN G5 F3 depth=1 child_depth=1
EXTEND ply_stun move=STUN G5 E6 depth=1 child_depth=1
EXTEND ply_stun move=STUN A6 D6 depth=1 child_depth=1
EXTEND ply_stun move=STUN E5 D6 depth=1 child_depth=1
EXTEND ply_stun move=STUN E5 D7 depth=1 child_depth=1
EXTEND ply_stun move=STUN G5 G2 depth=1 child_depth=1
EXTEND ply_stun move=STUN E5 F7 depth=1 child_depth=1
EXTEND ply_stun move=STUN C6 C3 depth=1 child_depth=1
EXTEND ply_stun move=STUN A6 C7 depth=1 child_depth=1
EXTEND ply_stun move=STUN G5 G2 depth=1 child_depth=1
EXTEND ply_stun move=STUN E5 F7 depth=1 child_depth=1
EXTEND ply_stun move=STUN C6 C3 depth=1 child_depth=1
EXTEND ply_stun move=STUN A6 C7 depth=1 child_depth=1
EXTEND ply_stun move=STUN G5 G2 depth=1 child_depth=1
EXTEND ply_stun move=STUN E5 F7 depth=1 child_depth=1
EXTEND ply_stun move=STUN C6 C3 depth=1 child_depth=1
EXTEND ply_stun move=STUN A6 C7 depth=1 child_depth=1
EXTEND ply_stun move=STUN G5 G2 depth=1 child_depth=1
EXTEND ply_stun move=STUN G5 F3 depth=1 child_depth=1
EXTEND ply_stun move=STUN G5 E6 depth=1 child_depth=1
EXTEND ply_stun move=STUN G5 D5 depth=1 child_depth=1
EXTEND ply_stun move=STUN G5 E5 depth=1 child_depth=1
EXTEND ply_stun move=STUN G5 F5 depth=1 child_depth=1
EXTEND ply_stun move=STUN G5 E4 depth=1 child_depth=1
EXTEND ply_stun move=STUN G5 G3 depth=1 child_depth=1
EXTEND ply_stun move=STUN G5 E4 depth=1 child_depth=1
EXTEND ply_stun move=STUN C6 A7 depth=1 child_depth=1
EXTEND ply_stun move=STUN C6 A6 depth=1 child_depth=1
EXTEND ply_stun move=STUN C6 B6 depth=1 child_depth=1
EXTEND ply_stun move=STUN C6 E6 depth=1 child_depth=1
EXTEND ply_stun move=STUN C6 A5 depth=1 child_depth=1
EXTEND ply_stun move=STUN C6 D5 depth=1 child_depth=1
EXTEND ply_stun move=STUN C6 E5 depth=1 child_depth=1
EXTEND ply_stun move=STUN G5 E6 depth=1 child_depth=1
EXTEND ply_stun move=STUN G5 D5 depth=1 child_depth=1
EXTEND ply_stun move=STUN G5 E5 depth=1 child_depth=1
EXTEND ply_stun move=STUN G5 F5 depth=1 child_depth=1
EXTEND ply_stun move=STUN G5 F3 depth=1 child_depth=1
EXTEND ply_stun move=STUN G5 E6 depth=1 child_depth=1
EXTEND ply_stun move=STUN G5 D5 depth=1 child_depth=1
EXTEND ply_stun move=STUN G5 E5 depth=1 child_depth=1
EXTEND ply_stun move=STUN G5 F5 depth=1 child_depth=1
EXTEND ply_stun move=STUN G5 E4 depth=1 child_depth=1
EXTEND ply_stun move=STUN G5 G3 depth=1 child_depth=1
EXTEND ply_stun move=STUN G5 E4 depth=1 child_depth=1
EXTEND ply_stun move=STUN C6 A7 depth=1 child_depth=1
EXTEND ply_stun move=STUN C6 A6 depth=1 child_depth=1
EXTEND ply_stun move=STUN C6 B6 depth=1 child_depth=1
EXTEND ply_stun move=STUN C6 E6 depth=1 child_depth=1
EXTEND ply_stun move=STUN C6 A5 depth=1 child_depth=1
EXTEND ply_stun move=STUN C6 D5 depth=1 child_depth=1
EXTEND ply_stun move=STUN C6 E5 depth=1 child_depth=1
EXTEND ply_stun move=STUN G5 E6 depth=1 child_depth=1
EXTEND ply_stun move=STUN G5 D5 depth=1 child_depth=1
EXTEND ply_stun move=STUN G5 E5 depth=1 child_depth=1
EXTEND ply_stun move=STUN G5 F5 depth=1 child_depth=1
EXTEND ply_stun move=STUN G5 F3 depth=1 child_depth=1
EXTEND ply_stun move=STUN E5 E8 depth=1 child_depth=1
EXTEND ply_stun move=STUN C6 C3 depth=1 child_depth=1
EXTEND ply_stun move=STUN A6 C7 depth=1 child_depth=1
EXTEND ply_stun move=STUN G5 G2 depth=1 child_depth=1
EXTEND ply_stun move=STUN G5 F3 depth=1 child_depth=1
EXTEND ply_stun move=STUN G5 E6 depth=1 child_depth=1
EXTEND ply_stun move=STUN G5 D5 depth=1 child_depth=1
EXTEND ply_stun move=STUN G5 E5 depth=1 child_depth=1
EXTEND ply_stun move=STUN G5 F5 depth=1 child_depth=1
EXTEND ply_stun move=STUN G5 E4 depth=1 child_depth=1
EXTEND ply_stun move=STUN G5 G3 depth=1 child_depth=1
EXTEND ply_stun move=STUN G5 G2 depth=1 child_depth=1
EXTEND ply_stun move=STUN G5 G3 depth=1 child_depth=1
EXTEND ply_stun move=STUN C6 A7 depth=1 child_depth=1
EXTEND ply_stun move=STUN C6 A6 depth=1 child_depth=1
EXTEND ply_stun move=STUN C6 B6 depth=1 child_depth=1
EXTEND ply_stun move=STUN C6 E6 depth=1 child_depth=1
EXTEND ply_stun move=STUN C6 A5 depth=1 child_depth=1
EXTEND ply_stun move=STUN C6 D5 depth=1 child_depth=1
EXTEND ply_stun move=STUN C6 E5 depth=1 child_depth=1
EXTEND ply_stun move=STUN G5 E6 depth=1 child_depth=1
EXTEND ply_stun move=STUN G5 D5 depth=1 child_depth=1
EXTEND ply_stun move=STUN G5 E5 depth=1 child_depth=1
EXTEND ply_stun move=STUN G5 F5 depth=1 child_depth=1
EXTEND ply_stun move=STUN G5 E4 depth=1 child_depth=1
EXTEND ply_stun move=STUN G5 E6 depth=1 child_depth=1
EXTEND ply_stun move=STUN A6 D6 depth=1 child_depth=1
EXTEND ply_stun move=STUN E5 D6 depth=1 child_depth=1
EXTEND ply_stun move=STUN E5 D7 depth=1 child_depth=1
EXTEND ply_stun move=STUN G5 E4 depth=1 child_depth=1
EXTEND ply_stun move=STUN C6 A7 depth=1 child_depth=1
EXTEND ply_stun move=STUN C6 A6 depth=1 child_depth=1
EXTEND ply_stun move=STUN C6 B6 depth=1 child_depth=1
EXTEND ply_stun move=STUN C6 E6 depth=1 child_depth=1
EXTEND ply_stun move=STUN C6 A5 depth=1 child_depth=1
EXTEND ply_stun move=STUN C6 D5 depth=1 child_depth=1
EXTEND ply_stun move=STUN C6 E5 depth=1 child_depth=1
EXTEND ply_stun move=STUN G5 E6 depth=1 child_depth=1
EXTEND ply_stun move=STUN G5 D5 depth=1 child_depth=1
EXTEND ply_stun move=STUN G5 E5 depth=1 child_depth=1
EXTEND ply_stun move=STUN G5 F5 depth=1 child_depth=1
EXTEND ply_stun move=STUN G5 F3 depth=1 child_depth=1
EXTEND ply_stun move=STUN C6 E6 depth=1 child_depth=1
EXTEND ply_stun move=STUN A6 C7 depth=1 child_depth=1
EXTEND ply_stun move=STUN G5 G2 depth=1 child_depth=1
EXTEND ply_stun move=STUN E5 E8 depth=1 child_depth=1
EXTEND ply_stun move=STUN C6 C3 depth=1 child_depth=1
EXTEND ply_stun move=STUN E5 D6 depth=1 child_depth=1
EXTEND ply_stun move=STUN G5 G2 depth=1 child_depth=1
EXTEND ply_stun move=STUN E5 E8 depth=1 child_depth=1
EXTEND ply_stun move=STUN C6 C3 depth=1 child_depth=1
EXTEND ply_stun move=STUN E5 D6 depth=1 child_depth=1
EXTEND ply_stun move=STUN G5 G2 depth=1 child_depth=1
EXTEND ply_stun move=STUN E5 E8 depth=1 child_depth=1
EXTEND ply_stun move=STUN C6 C3 depth=1 child_depth=1
EXTEND ply_stun move=STUN E5 D6 depth=1 child_depth=1
EXTEND ply_stun move=STUN G5 G2 depth=1 child_depth=1
EXTEND ply_stun move=STUN E5 E8 depth=1 child_depth=1
EXTEND ply_stun move=STUN C6 C3 depth=1 child_depth=1
EXTEND ply_stun move=STUN E5 D6 depth=1 child_depth=1
EXTEND ply_stun move=STUN G5 G2 depth=1 child_depth=1
EXTEND ply_stun move=STUN E5 E8 depth=1 child_depth=1
EXTEND ply_stun move=STUN C6 C3 depth=1 child_depth=1
EXTEND ply_stun move=STUN E5 D6 depth=1 child_depth=1
EXTEND ply_stun move=STUN G5 G2 depth=1 child_depth=1
EXTEND ply_stun move=STUN E5 E8 depth=1 child_depth=1
EXTEND ply_stun move=STUN C6 C3 depth=1 child_depth=1
EXTEND ply_stun move=STUN E5 D6 depth=1 child_depth=1
EXTEND ply_stun move=STUN G5 G2 depth=1 child_depth=1
EXTEND ply_stun move=STUN E5 E8 depth=1 child_depth=1
EXTEND ply_stun move=STUN C6 C3 depth=1 child_depth=1
EXTEND ply_stun move=STUN E5 D6 depth=1 child_depth=1
EXTEND ply_stun move=STUN G5 G2 depth=1 child_depth=1
EXTEND ply_stun move=STUN E5 E8 depth=1 child_depth=1
EXTEND ply_stun move=STUN C6 C3 depth=1 child_depth=1
EXTEND ply_stun move=STUN E5 D6 depth=1 child_depth=1
EXTEND ply_stun move=STUN G5 G2 depth=1 child_depth=1
EXTEND ply_stun move=STUN E5 E8 depth=1 child_depth=1
EXTEND ply_stun move=STUN C6 C3 depth=1 child_depth=1
EXTEND ply_stun move=STUN E5 D6 depth=1 child_depth=1
EXTEND ply_stun move=STUN G5 G2 depth=1 child_depth=1
EXTEND ply_stun move=STUN E5 E8 depth=1 child_depth=1
EXTEND ply_stun move=STUN C6 C3 depth=1 child_depth=1
EXTEND ply_stun move=STUN E5 D6 depth=1 child_depth=1
EXTEND ply_stun move=STUN G5 G2 depth=1 child_depth=1
EXTEND ply_stun move=STUN E5 E8 depth=1 child_depth=1
EXTEND ply_stun move=STUN C6 C3 depth=1 child_depth=1
EXTEND ply_